[backblue.gif]
[fade.gif]
[index.html]
[127.0.0.1_8000/img/sikapta-logo.png]
[127.0.0.1_8000/vendor/jquery/jquery.min.js]
[127.0.0.1_8000/vendor/bootstrap/js/bootstrap.bundle.min.js]
[127.0.0.1_8000/vendor/jquery-easing/jquery.easing.min.js]
[127.0.0.1_8000/js/sb-admin-2.min.js]
[127.0.0.1_8000/login.html]
[127.0.0.1_8000/vendor/fontawesome-free/webfonts/fa-brands-400.eot]
[127.0.0.1_8000/vendor/fontawesome-free/webfonts/fa-brands-400.woff2]
[127.0.0.1_8000/vendor/fontawesome-free/webfonts/fa-brands-400d41d.eot]
[127.0.0.1_8000/vendor/fontawesome-free/webfonts/fa-brands-400.woff]
[127.0.0.1_8000/vendor/fontawesome-free/webfonts/fa-brands-400.ttf]
[127.0.0.1_8000/vendor/fontawesome-free/webfonts/fa-regular-400.eot]
[127.0.0.1_8000/vendor/fontawesome-free/webfonts/fa-regular-400d41d.eot]
[127.0.0.1_8000/vendor/fontawesome-free/webfonts/fa-regular-400.woff2]
[127.0.0.1_8000/vendor/fontawesome-free/webfonts/fa-regular-400.woff]
[127.0.0.1_8000/vendor/fontawesome-free/webfonts/fa-regular-400.ttf]
[127.0.0.1_8000/vendor/fontawesome-free/webfonts/fa-solid-900.eot]
[127.0.0.1_8000/vendor/fontawesome-free/webfonts/fa-solid-900.woff2]
[127.0.0.1_8000/vendor/fontawesome-free/webfonts/fa-solid-900.woff]
[127.0.0.1_8000/vendor/fontawesome-free/webfonts/fa-solid-900d41d.eot]
[127.0.0.1_8000/vendor/fontawesome-free/webfonts/fa-solid-900.ttf]
[127.0.0.1_8000/vendor/fontawesome-free/css/all.min.css]
[127.0.0.1_8000/css/sb-admin-2.min.css]
[127.0.0.1_8000/forgot-password.html]
[127.0.0.1_8000/register.html]
[127.0.0.1_8000/vendor/fontawesome-free/webfonts/fa-brands-400.svg]
[127.0.0.1_8000/vendor/fontawesome-free/webfonts/fa-regular-400.svg]
[127.0.0.1_8000/vendor/fontawesome-free/webfonts/fa-solid-900.svg]
